./C_RFC3315_SolAdvReqReply.seq -pkt ./C_RFC3315_SolAdvReqReply.def -log 2.html -ti "Part A &#58; Valid Reply message in response to Request"
./C_RFC3315_ SolAdvReqReply.seq -pkt ./C_RFC3315_SolAdvReqReply.def -log 2.html -ti "Part A & #58; Valid Reply message in response to Request"
OK
root@ucsc13:~/Desktop/tahi/DHCP/DHCPv6_Self_Test_P2_1_1_4/rfc3315 # ./C_RFC3315_CnfReply.seq -pkt ./C_RFC3315_CnfReply.def -log 3.html -ti "Part B &#58; Valid Reply message in response to Confirm message"
./C_RFC3315_ CnfReply.seq -pkt ./C_RFC3315_CnfReply.def -log 3.html -ti "Part B &#58; Valid R eply message in response to Confirm message"
OK
root@ucsc13:~/Desktop/tahi/DHCP/DHCPv6_Self_Test_P2_1_1_4/rfc3315 # ./C_RFC3315_RenReply.seq -pkt ./C_RFC3315_RenReply.def -log 4.html -ti "Part C &#58; Valid Reply message in response to Renew message"
./C_RFC3315_ RenReply.seq -pkt ./C_RFC3315_RenReply.def -log 4.html -ti "Part C &#58; Valid R eply message in response to Renew message"
OK
root@ucsc13:~/Desktop/tahi/DHCP/DHCPv6_Self_Test_P2_1_1_4/rfc3315 # ./C_RFC3315_RebReply.seq -pkt ./C_RFC3315_RebReply.def -log 5.html -ti "Part D &#58; Valid Reply message in response to Rebind message"
./C_RFC3315_ RebReply.seq -pkt ./C_RFC3315_RebReply.def -log 5.html -ti "Part D &#58; Valid R eply message in response to Rebind message"
OK
root@ucsc13:~/Desktop/tahi/DHCP/DHCPv6_Self_Test_P2_1_1_4/rfc3315 # ./C_RFC3315_RelReply.seq -pkt ./C_RFC3315_RelReply.def -log 6.html -ti "Part E &#58; Valid Reply message in response to Release message"
./C_RFC3315_ RelReply.seq -pkt ./C_RFC3315_RelReply.def -log 6.html -ti "Part E &#58; Valid R eply message in response to Release message"
OK
root@ucsc13:~/Desktop/tahi/DHCP/DHCPv6_Self_Test_P2_1_1_4/rfc3315 # ./C_RFC3315_DecReply.seq -pkt ./C_RFC3315_DecReply.def -log 7.html -ti "Part F &#58; Valid Reply message in response to Decline message"
./C_RFC3315_ DecReply.seq -pkt ./C_RFC3315_DecReply.def -log 7.html -ti "Part F &#58; Valid R eply message in response to Decline message"
OK
root@ucsc13:~/Desktop/tahi/DHCP/DHCPv6_Self_Test_P2_1_1_4/rfc3315 # ./C_RFC3315_13_CltMsgMCastAddrFormat.seq -pkt ./C_RFC3315_13_CltMsgMCastAddrFormat.def -log 8.html -ti "Part A &#58; Multicast Address"
./C_RFC3315_ 13_CltMsgMCastAddrFormat.seq -pkt ./C_RFC3315_13_CltMsgMCastAddrFormat.def -log  8.html -ti "Part A &#58; Multicast Address"
NG
root@ucsc13:~/Desktop/tahi/DHCP/DHCPv6_Self_Test_P2_1_1_4/rfc3315 # ./C_RFC3315_5_2_UdpPort.seq -pkt ./C_RFC3315_5_2_UdpPort.def -log 9.html -ti "Part B &#58; Valid UDP port"
./C_RFC3315_ 5_2_UdpPort.seq -pkt ./C_RFC3315_5_2_UdpPort.def -log 9.html -ti "Part B &#58; V alid UDP port"
OK
root@ucsc13:~/Desktop/tahi/DHCP/DHCPv6_Self_Test_P2_1_1_4/rfc3315 # ./C_RFC3315_5_2_InvalidUdpPort.seq -pkt ./C_RFC3315_5_2_InvalidUdpPort.def -log 10.html -ti "Part C &#58; Invalid UDP port"
./C_RFC3315_ 5_2_InvalidUdpPort.seq -pkt ./C_RFC3315_5_2_InvalidUdpPort.def -log 10.html -ti  "Part C &#58; Invalid UDP port"
NG
root@ucsc13:~/Desktop/tahi/DHCP/DHCPv6_Self_Test_P2_1_1_4/rfc3315 # ./C_RFC3315_6_CltMsgFormat.seq -pkt ./C_RFC3315_6_CltMsgFormat.def -log 11.html -ti "Client Message Format"
./C_RFC3315_ 6_CltMsgFormat.seq -pkt ./C_RFC3315_6_CltMsgFormat.def -log 11.html -ti "Client  Message Format"
OK
root@ucsc13:~/Desktop/tahi/DHCP/DHCPv6_Self_Test_P2_1_1_4/rfc3315 # ./C_RFC3315_22_2_CltIdOpt.seq -pkt ./C_RFC3315_22_2_CltIdOpt.def -log 12.html -ti "Client Identifier Format"
./C_RFC3315_ 22_2_CltIdOpt.seq -pkt ./C_RFC3315_22_2_CltIdOpt.def -log 12.html -ti "Client Id entifier Format"
NG
root@ucsc13:~/Desktop/tahi/DHCP/DHCPv6_Self_Test_P2_1_1_4/rfc3315 # ./C_RFC3315_9_2_CltDUIDLLTFormat.seq -pkt ./C_RFC3315_9_2_CltDUIDLLTFormat.def -log 13.html -ti "Part A &#58; DUID-LLT Format"
./C_RFC3315_ 9_2_CltDUIDLLTFormat.seq -pkt ./C_RFC3315_9_2_CltDUIDLLTFormat.def -log 13.html  -ti "Part A &#58; DUID-LLT Format"
OK
root@ucsc13:~/Desktop/tahi/DHCP/DHCPv6_Self_Test_P2_1_1_4/rfc3315 # ./C_RFC3315_9_2_CltDUIDLLTRebootFormat.seq -pkt ./C_RFC3315_9_2_CltDUIDLLTRebootFormat.def -log 14.html -ti "Part B &#58; DUID-LLT Consistency"
./C_RFC3315_ 9_2_CltDUIDLLTRebootFormat.seq -pkt ./C_RFC3315_9_2_CltDUIDLLTRebootFormat.def - log 14.html -ti "Part B &#58; DUID-LLT Consistency"
NG
root@ucsc13:~/Desktop/tahi/DHCP/DHCPv6_Self_Test_P2_1_1_4/rfc3315 # ./C_RFC3315_9_3_CltDUIDENFormat.seq -pkt ./C_RFC3315_9_3_CltDUIDENFormat.def -log 15.html -ti "Part C &#58; DUID-EN Format"
./C_RFC3315_ 9_3_CltDUIDENFormat.seq -pkt ./C_RFC3315_9_3_CltDUIDENFormat.def -log 15.html -t i "Part C &#58; DUID-EN Format"
root@ucsc13:~/Desktop/tahi/DHCP/DHCPv6_Self_Test_P2_1_1_4/rfc3315 # ./C_RFC3315_9_3_CltDUIDENRebootFormat.seq -pkt ./C_RFC3315_9_3_CltDUIDENRebootFormat.def -log 16.html -ti "Part D &#58; DUID-EN Consistency"
./C_RFC3315_ 9_3_CltDUIDENRebootFormat.seq -pkt ./C_RFC3315_9_3_CltDUIDENRebootFormat.def -lo g 16.html -ti "Part D &#58; DUID-EN Consistency"
root@ucsc13:~/Desktop/tahi/DHCP/DHCPv6_Self_Test_P2_1_1_4/rfc3315 # ./C_RFC3315_9_4_CltDUIDLLFormat.seq -pkt ./C_RFC3315_9_4_CltDUIDLLFormat.def -log 17.html -ti "Part E &#58; DUID-LL Format"
./C_RFC3315_ 9_4_CltDUIDLLFormat.seq -pkt ./C_RFC3315_9_4_CltDUIDLLFormat.def -log 17.html -t i "Part E &#58; DUID-LL Format"
root@ucsc13:~/Desktop/tahi/DHCP/DHCPv6_Self_Test_P2_1_1_4/rfc3315 # ./C_RFC3315_9_4_CltDUIDLLRebootFormat.seq -pkt ./C_RFC3315_9_4_CltDUIDLLRebootFormat.def -log 18.html -ti "Part E &#58; DUID-LL Consistency"
./C_RFC3315_ 9_4_CltDUIDLLRebootFormat.seq -pkt ./C_RFC3315_9_4_CltDUIDLLRebootFormat.def -lo g 18.html -ti "Part E &#58; DUID-LL Consistency"
root@ucsc13:~/Desktop/tahi/DHCP/DHCPv6_Self_Test_P2_1_1_4/rfc3315 # ./C_RFC3315_22_4_IANAOpt.seq -pkt ./C_RFC3315_22_4_IANAOpt.def -log 19.html -ti "IA_NA Option Format"
./C_RFC3315_ 22_4_IANAOpt.seq -pkt ./C_RFC3315_22_4_IANAOpt.def -log 19.html -ti "IA_NA Optio n Format"
NG
root@ucsc13:~/Desktop/tahi/DHCP/DHCPv6_Self_Test_P2_1_1_4/rfc3315 # ./C_RFC3315_10_CltIAIDFormat.seq -pkt ./C_RFC3315_10_CltIAIDFormat.def -log 20.html -ti "Identity Association Consistency"
./C_RFC3315_ 10_CltIAIDFormat.seq -pkt ./C_RFC3315_10_CltIAIDFormat.def -log 20.html -ti "Ide ntity Association Consistency"
OK
root@ucsc13:~/Desktop/tahi/DHCP/DHCPv6_Self_Test_P2_1_1_4/rfc3315 # ./C_RFC3315_22_3_SrvIdOpt.seq -pkt ./C_RFC3315_22_3_SrvIdOpt.def -log 21.html -ti "Server Identifier Option Format"
./C_RFC3315_ 22_3_SrvIdOpt.seq -pkt ./C_RFC3315_22_3_SrvIdOpt.def -log 21.html -ti "Server Id entifier Option Format"
NG
root@ucsc13:~/Desktop/tahi/DHCP/DHCPv6_Self_Test_P2_1_1_4/rfc3315 # ./C_RFC3315_22_6_IAAddrOpt.seq -pkt ./C_RFC3315_22_6_IAAddrOpt.def -log 22.html -ti "IA Address Option Format"
./C_RFC3315_ 22_6_IAAddrOpt.seq -pkt ./C_RFC3315_22_6_IAAddrOpt.def -log 22.html -ti "IA Addr ess Option Format"
NG
root@ucsc13:~/Desktop/tahi/DHCP/DHCPv6_Self_Test_P2_1_1_4/rfc3315 # ./C_RFC3315_22_9_ElapTimeOpt.seq -pkt ./C_RFC3315_22_9_ElapTimeOpt.def -log 23.html -ti "Part A &#58; Elapsed Time Option in Solicit message"
./C_RFC3315_ 22_9_ElapTimeOpt.seq -pkt ./C_RFC3315_22_9_ElapTimeOpt.def -log 23.html -ti "Par t A &#58; Elapsed Time Option in Solicit message"
NG
root@ucsc13:~/Desktop/tahi/DHCP/DHCPv6_Self_Test_P2_1_1_4/rfc3315 # ./C_RFC3315_22_9_ElapTimeOpt_ReqMsg.seq -pkt ./C_RFC3315_22_9_ElapTimeOpt_ReqMsg.def -log 24.html -ti "Part B &#58; Elapsed Time Option Format in Request message"
./C_RFC3315_ 22_9_ElapTimeOpt_ReqMsg.seq -pkt ./C_RFC3315_22_9_ElapTimeOpt_ReqMsg.def -log 24 .html -ti "Part B &#58; Elapsed Time Option Format in Request message"
NG
root@ucsc13:~/Desktop/tahi/DHCP/DHCPv6_Self_Test_P2_1_1_4/rfc3315 # ./C_RFC3315_22_9_ElapTimeOpt_CnfMsg.seq -pkt ./C_RFC3315_22_9_ElapTimeOpt_CnfMsg.def -log 25.html -ti "Part C &#58; Elapsed Time Option Format in Confirm message"
./C_RFC3315_ 22_9_ElapTimeOpt_CnfMsg.seq -pkt ./C_RFC3315_22_9_ElapTimeOpt_CnfMsg.def -log 25 .html -ti "Part C &#58; Elapsed Time Option Format in Confirm message"
NG
root@ucsc13:~/Desktop/tahi/DHCP/DHCPv6_Self_Test_P2_1_1_4/rfc3315 # ./C_RFC3315_22_9_ElapTimeOpt_RenMsg.seq -pkt ./C_RFC3315_22_9_ElapTimeOpt_RenMsg.def -log 26.html -ti "Part D &#58; Elapsed Time Option Format in Renew message"
./C_RFC3315_ 22_9_ElapTimeOpt_RenMsg.seq -pkt ./C_RFC3315_22_9_ElapTimeOpt_RenMsg.def -log 26 .html -ti "Part D &#58; Elapsed Time Option Format in Renew message"
NG
root@ucsc13:~/Desktop/tahi/DHCP/DHCPv6_Self_Test_P2_1_1_4/rfc3315 # ./C_RFC3315_22_9_ElapTimeOpt_RebMsg.seq -pkt ./C_RFC3315_22_9_ElapTimeOpt_RebMsg.def -log 27.html -ti "Part E &#58; Elapsed Time Option Format in Rebind message"
./C_RFC3315_ 22_9_ElapTimeOpt_RebMsg.seq -pkt ./C_RFC3315_22_9_ElapTimeOpt_RebMsg.def -log 27 .html -ti "Part E &#58; Elapsed Time Option Format in Rebind message"
NG
root@ucsc13:~/Desktop/tahi/DHCP/DHCPv6_Self_Test_P2_1_1_4/rfc3315 # ./C_RFC3315_22_9_ElapTimeOpt_RelMsg.seq -pkt ./C_RFC3315_22_9_ElapTimeOpt_RelMsg.def -log 28.html -ti "Part F &#58; Elapsed Time Option Format in Release message"
./C_RFC3315_ 22_9_ElapTimeOpt_RelMsg.seq -pkt ./C_RFC3315_22_9_ElapTimeOpt_RelMsg.def -log 28 .html -ti "Part F &#58; Elapsed Time Option Format in Release message"
NG
root@ucsc13:~/Desktop/tahi/DHCP/DHCPv6_Self_Test_P2_1_1_4/rfc3315 # ./C_RFC3315_22_9_ElapTimeOpt_DecMsg.seq -pkt ./C_RFC3315_22_9_ElapTimeOpt_DecMsg.def -log 29.html -ti "Part G &#58; Elapsed Time Option Format in Decline message"
./C_RFC3315_ 22_9_ElapTimeOpt_DecMsg.seq -pkt ./C_RFC3315_22_9_ElapTimeOpt_DecMsg.def -log 29 .html -ti "Part G &#58; Elapsed Time Option Format in Decline message"
NG
root@ucsc13:~/Desktop/tahi/DHCP/DHCPv6_Self_Test_P2_1_1_4/rfc3315 # ./C_RFC3315_22_9_ElapTimeOpt_maxtime.seq -pkt ./C_RFC3315_22_9_ElapTimeOpt_maxtime.def -log 30.html -ti "Part H &#58; Maximum Elapsed Time in elapsed-time field"
./C_RFC3315_ 22_9_ElapTimeOpt_maxtime.seq -pkt ./C_RFC3315_22_9_ElapTimeOpt_maxtime.def -log  30.html -ti "Part H &#58; Maximum Elapsed Time in elapsed-time field"
NG
root@ucsc13:~/Desktop/tahi/DHCP/DHCPv6_Self_Test_P2_1_1_4/rfc3315 # ./C_RFC3315_17_1_1_Sol.seq -pkt ./C_RFC3315_17_1_1_Sol.def -log 31.html -ti "Part A &#58; Solicit message format"
./C_RFC3315_ 17_1_1_Sol.seq -pkt ./C_RFC3315_17_1_1_Sol.def -log 31.html -ti "Part A &#58; So licit message format"
NG
root@ucsc13:~/Desktop/tahi/DHCP/DHCPv6_Self_Test_P2_1_1_4/rfc3315 # ./C_RFC3315_14_CltMsgRetrans.seq -pkt ./C_RFC3315_14_CltMsgRetrans.def -log 32.html -ti "Part B &#58; Reliability of DHCPv6 Retransmission"
./C_RFC3315_ 14_CltMsgRetrans.seq -pkt ./C_RFC3315_14_CltMsgRetrans.def -log 32.html -ti "Par t B &#58; Reliability of DHCPv6 Retransmission"
NG
root@ucsc13:~/Desktop/tahi/DHCP/DHCPv6_Self_Test_P2_1_1_4/rfc3315 # ./C_RFC3315_17_1_2_SolRetransRT.seq -pkt ./C_RFC3315_17_1_2_SolRetransRT.def -log 33.html -ti "Part C &#58; Retransmission of Solicit Message"
./C_RFC3315_ 17_1_2_SolRetransRT.seq -pkt ./C_RFC3315_17_1_2_SolRetransRT.def -log 33.html -t i "Part C &#58; Retransmission of Solicit Message"
NG
root@ucsc13:~/Desktop/tahi/DHCP/DHCPv6_Self_Test_P2_1_1_4/rfc3315 # ./C_RFC3315_17_1_2_SolRetransMRT.seq -pkt ./C_RFC3315_17_1_2_SolRetransMRT.def -log 34.html -ti "Part D &#58; Maximum Retransmission Time of solicit message"
./C_RFC3315_ 17_1_2_SolRetransMRT.seq -pkt ./C_RFC3315_17_1_2_SolRetransMRT.def -log 34.html  -ti "Part D &#58; Maximum Retransmission Time of solicit message"
NG
root@ucsc13:~/Desktop/tahi/DHCP/DHCPv6_Self_Test_P2_1_1_4/rfc3315 # ./C_RFC3315_17_1_2_SolWaitAdv.seq -pkt ./C_RFC3315_17_1_2_SolWaitAdv.def -log 35.html -ti "Part A &#58; Receives Advertise message without Preference Option before first RT elapse"
./C_RFC3315_ 17_1_2_SolWaitAdv.seq -pkt ./C_RFC3315_17_1_2_SolWaitAdv.def -log 35.html -ti "P art A &#58; Receives Advertise message without Preference Option before first RT  elapse"
NG
root@ucsc13:~/Desktop/tahi/DHCP/DHCPv6_Self_Test_P2_1_1_4/rfc3315 # ./C_RFC3315_17_1_2_SolNoAdvRT.seq -pkt ./C_RFC3315_17_1_2_SolNoAdvRT.def -log 36.html -ti "Part B &#58; Receives Advertise message without Preference Option after first RT elapse"
./C_RFC3315_ 17_1_2_SolNoAdvRT.seq -pkt ./C_RFC3315_17_1_2_SolNoAdvRT.def -log 36.html -ti "P art B &#58; Receives Advertise message without Preference Option after first RT  elapse"
NG
root@ucsc13:~/Desktop/tahi/DHCP/DHCPv6_Self_Test_P2_1_1_4/rfc3315 # ./C_RFC3315_18_1_1_TransReq.seq -pkt ./C_RFC3315_18_1_1_TransReq.def -log 37.html -ti "Part A &#58; Request message format"
./C_RFC3315_ 18_1_1_TransReq.seq -pkt ./C_RFC3315_18_1_1_TransReq.def -log 37.html -ti "Part  A &#58; Request message format"
NG
root@ucsc13:~/Desktop/tahi/DHCP/DHCPv6_Self_Test_P2_1_1_4/rfc3315 # ./C_RFC3315_18_1_1_ReqRetransRT.seq -pkt ./C_RFC3315_18_1_1_ReqRetransRT.def -log 38.html -ti "Part B &#58; Retransmission of Request messages"
./C_RFC3315_ 18_1_1_ReqRetransRT.seq -pkt ./C_RFC3315_18_1_1_ReqRetransRT.def -log 38.html -t i "Part B &#58; Retransmission of Request messages"
NG
root@ucsc13:~/Desktop/tahi/DHCP/DHCPv6_Self_Test_P2_1_1_4/rfc3315 # ./C_RFC3315_18_1_1_ReqRetransMRT.seq -pkt ./C_RFC3315_18_1_1_ReqRetransMRT.def -log 39.html -ti "Part C &#58; Maximum Retransmission Time of Request messages"
./C_RFC3315_ 18_1_1_ReqRetransMRT.seq -pkt ./C_RFC3315_18_1_1_ReqRetransMRT.def -log 39.html  -ti "Part C &#58; Maximum Retransmission Time of Request messages"
NG
root@ucsc13:~/Desktop/tahi/DHCP/DHCPv6_Self_Test_P2_1_1_4/rfc3315 # ./C_RFC3315_18_1_1_RetransReq.seq -pkt ./C_RFC3315_18_1_1_RetransReq.def -log 40.html -ti "Part D &#58; Maximum Retransmission Count of Request messages"
./C_RFC3315_ 18_1_1_RetransReq.seq -pkt ./C_RFC3315_18_1_1_RetransReq.def -log 40.html -ti "P art D &#58; Maximum Retransmission Count of Request messages"
NG
root@ucsc13:~/Desktop/tahi/DHCP/DHCPv6_Self_Test_P2_1_1_4/rfc3315 # ./C_RFC3315_18_1_2_TransCnf.seq -pkt ./C_RFC3315_18_1_2_TransCnf.def -log 41.html -ti "Part A &#58; Confirm message format"
./C_RFC3315_ 18_1_2_TransCnf.seq -pkt ./C_RFC3315_18_1_2_TransCnf.def -log 41.html -ti "Part  A &#58; Confirm message format"
NG
root@ucsc13:~/Desktop/tahi/DHCP/DHCPv6_Self_Test_P2_1_1_4/rfc3315 # ./C_RFC3315_18_1_2_CnfRetransRT.seq -pkt ./C_RFC3315_18_1_2_CnfRetransRT.def -log 42.html -ti "Part B &#58; Retransmission of Confirm message"
./C_RFC3315_ 18_1_2_CnfRetransRT.seq -pkt ./C_RFC3315_18_1_2_CnfRetransRT.def -log 42.html -t i "Part B &#58; Retransmission of Confirm message"
NG
root@ucsc13:~/Desktop/tahi/DHCP/DHCPv6_Self_Test_P2_1_1_4/rfc3315 # ./C_RFC3315_18_1_2_CnfRetransMRT.seq -pkt ./C_RFC3315_18_1_2_CnfRetransMRT.def -log 43.html -ti "Part C &#58; Maximum Retransmission Time of Confirm message"
./C_RFC3315_ 18_1_2_CnfRetransMRT.seq -pkt ./C_RFC3315_18_1_2_CnfRetransMRT.def -log 43.html  -ti "Part C &#58; Maximum Retransmission Time of Confirm message"
NG
root@ucsc13:~/Desktop/tahi/DHCP/DHCPv6_Self_Test_P2_1_1_4/rfc3315 # ./C_RFC3315_18_1_2_RetransCnf.seq -pkt ./C_RFC3315_18_1_2_RetransCnf.def -log 44.html -ti "Part D &#58; Maximum Retransmission Duration of Confirm message"
./C_RFC3315_ 18_1_2_RetransCnf.seq -pkt ./C_RFC3315_18_1_2_RetransCnf.def -log 44.html -ti "P art D &#58; Maximum Retransmission Duration of Confirm message"
NG
root@ucsc13:~/Desktop/tahi/DHCP/DHCPv6_Self_Test_P2_1_1_4/rfc3315 # ./C_RFC3315_18_1_2_ResvCnf.seq -pkt ./C_RFC3315_18_1_2_ResvCnf.def -log 45.html -ti "Part E  &#58; Reserved Address Information"
./C_RFC3315_ 18_1_2_ResvCnf.seq -pkt ./C_RFC3315_18_1_2_ResvCnf.def -log 45.html -ti "Part E   &#58; Reserved Address Information"
NG
root@ucsc13:~/Desktop/tahi/DHCP/DHCPv6_Self_Test_P2_1_1_4/rfc3315 # ./C_RFC3315_18_1_3_TransRen.seq -pkt ./C_RFC3315_18_1_3_TransRen.def -log 46.html -ti "Part A &#58; Renew message format"
./C_RFC3315_ 18_1_3_TransRen.seq -pkt ./C_RFC3315_18_1_3_TransRen.def -log 46.html -ti "Part  A &#58; Renew message format"
NG
root@ucsc13:~/Desktop/tahi/DHCP/DHCPv6_Self_Test_P2_1_1_4/rfc3315 # ./C_RFC3315_18_1_3_RenRetransRT.seq -pkt ./C_RFC3315_18_1_3_RenRetransRT.def -log 47.html -ti "Part B &#58; Retransmission of Renew message, T1 and T2 non-zero"
./C_RFC3315_ 18_1_3_RenRetransRT.seq -pkt ./C_RFC3315_18_1_3_RenRetransRT.def -log 47.html -t i "Part B &#58; Retransmission of Renew message, T1 and T2 non-zero"
NG
root@ucsc13:~/Desktop/tahi/DHCP/DHCPv6_Self_Test_P2_1_1_4/rfc3315 # ./C_RFC3315_18_1_3_RenRetransMRT.seq -pkt ./C_RFC3315_18_1_3_RenRetransMRT.def -log 48.html -ti "Part C &#58; Maximum Retransmission Time of Renew message, T1 and T2 non-zero"
./C_RFC3315_ 18_1_3_RenRetransMRT.seq -pkt ./C_RFC3315_18_1_3_RenRetransMRT.def -log 48.html  -ti "Part C &#58; Maximum Retransmission Time of Renew message, T1 and T2 non-ze ro"
NG
root@ucsc13:~/Desktop/tahi/DHCP/DHCPv6_Self_Test_P2_1_1_4/rfc3315 # ./C_RFC3315_18_1_3_RetransRen.seq -pkt ./C_RFC3315_18_1_3_RetransRen.def -log 49.html -ti "Part D &#58; Maximum Retransmission Duration of Renew message, T1 and T2 non-zero"
./C_RFC3315_ 18_1_3_RetransRen.seq -pkt ./C_RFC3315_18_1_3_RetransRen.def -log 49.html -ti "P art D &#58; Maximum Retransmission Duration of Renew message, T1 and T2 non-zero "
NG
root@ucsc13:~/Desktop/tahi/DHCP/DHCPv6_Self_Test_P2_1_1_4/rfc3315 # ./C_RFC3315_18_1_4_TransReb.seq -pkt ./C_RFC3315_18_1_4_TransReb.def -log 50.html -ti "Part A &#58; Rebind message format"
./C_RFC3315_ 18_1_4_TransReb.seq -pkt ./C_RFC3315_18_1_4_TransReb.def -log 50.html -ti "Part  A &#58; Rebind message format"
NG
root@ucsc13:~/Desktop/tahi/DHCP/DHCPv6_Self_Test_P2_1_1_4/rfc3315 # ./C_RFC3315_18_1_4_RebRetransRT.seq -pkt ./C_RFC3315_18_1_4_RebRetransRT.def -log 51.html -ti "Part B &#58; Retransmission of Rebind message, T1 and T2 non-zero"
./C_RFC3315_ 18_1_4_RebRetransRT.seq -pkt ./C_RFC3315_18_1_4_RebRetransRT.def -log 51.html -t i "Part B &#58; Retransmission of Rebind message, T1 and T2 non-zero"
NG
root@ucsc13:~/Desktop/tahi/DHCP/DHCPv6_Self_Test_P2_1_1_4/rfc3315 # ./C_RFC3315_18_1_4_RebRetransMRT.seq -pkt ./C_RFC3315_18_1_4_RebRetransMRT.def -log 52.html -ti "Part C &#58; Maximum Retransmission Time of Rebind message, T1 and T2 non-zero"
./C_RFC3315_ 18_1_4_RebRetransMRT.seq -pkt ./C_RFC3315_18_1_4_RebRetransMRT.def -log 52.html  -ti "Part C &#58; Maximum Retransmission Time of Rebind message, T1 and T2 non-z ero"
NG
root@ucsc13:~/Desktop/tahi/DHCP/DHCPv6_Self_Test_P2_1_1_4/rfc3315 # ./C_RFC3315_18_1_4_RetransReb.seq -pkt ./C_RFC3315_18_1_4_RetransReb.def -log 53.html -ti "Part D &#58; Maximum Retransmission Duration of Rebind message, T1 and T2 non-zero"
./C_RFC3315_ 18_1_4_RetransReb.seq -pkt ./C_RFC3315_18_1_4_RetransReb.def -log 53.html -ti "P art D &#58; Maximum Retransmission Duration of Rebind message, T1 and T2 non-zer o"
NG
root@ucsc13:~/Desktop/tahi/DHCP/DHCPv6_Self_Test_P2_1_1_4/rfc3315 # ./C_RFC3315_18_1_6_TransRel.seq -pkt ./C_RFC3315_18_1_6_TransRel.def -log 54.html -ti "Part A &#58; Release message format"
./C_RFC3315_ 18_1_6_TransRel.seq -pkt ./C_RFC3315_18_1_6_TransRel.def -log 54.html -ti "Part  A &#58; Release message format"
NG
root@ucsc13:~/Desktop/tahi/DHCP/DHCPv6_Self_Test_P2_1_1_4/rfc3315 # ./C_RFC3315_18_1_6_TransRelErrDetect.seq -pkt ./C_RFC3315_18_1_6_TransRelErrDetect.def -log 55.html -ti "Part B &#58; Release of received address"
./C_RFC3315_ 18_1_6_TransRelErrDetect.seq -pkt ./C_RFC3315_18_1_6_TransRelErrDetect.def -log  55.html -ti "Part B &#58; Release of received address"
NG
root@ucsc13:~/Desktop/tahi/DHCP/DHCPv6_Self_Test_P2_1_1_4/rfc3315 # ./C_RFC3315_18_1_6_RelRetransRT.seq -pkt ./C_RFC3315_18_1_6_RelRetransRT.def -log 56.html -ti "Part C &#58; Retransmission of Release message"
./C_RFC3315_ 18_1_6_RelRetransRT.seq -pkt ./C_RFC3315_18_1_6_RelRetransRT.def -log 56.html -t i "Part C &#58; Retransmission of Release message"
NG
root@ucsc13:~/Desktop/tahi/DHCP/DHCPv6_Self_Test_P2_1_1_4/rfc3315 # ./C_RFC3315_18_1_6_RetransRel.seq -pkt ./C_RFC3315_18_1_6_RetransRel.def -log 57.html -ti "Part D &#58; Maximum Retransmission Count of Release message, no reply message from Server"
./C_RFC3315_ 18_1_6_RetransRel.seq -pkt ./C_RFC3315_18_1_6_RetransRel.def -log 57.html -ti "P art D &#58; Maximum Retransmission Count of Release message, no reply message fr om Server"
NG
root@ucsc13:~/Desktop/tahi/DHCP/DHCPv6_Self_Test_P2_1_1_4/rfc3315 # ./C_RFC3315_18_1_6_RelReplyFail.seq -pkt ./C_RFC3315_18_1_6_RelReplyFail.def -log 58.html -ti "Part E &#58; Retransmission and message exchange termination, Server responds with Reply message"
./C_RFC3315_ 18_1_6_RelReplyFail.seq -pkt ./C_RFC3315_18_1_6_RelReplyFail.def -log 58.html -t i "Part E &#58; Retransmission and message exchange termination, Server responds  with Reply message"
NG
root@ucsc13:~/Desktop/tahi/DHCP/DHCPv6_Self_Test_P2_1_1_4/rfc3315 # ./C_RFC3315_18_1_6_RetransRel_Eltime.seq -pkt ./C_RFC3315_18_1_6_RetransRel_Eltime.def -log 59.html -ti "Part F &#58; Elapsed-time value of the retransmit Release message"
./C_RFC3315_ 18_1_6_RetransRel_Eltime.seq -pkt ./C_RFC3315_18_1_6_RetransRel_Eltime.def -log  59.html -ti "Part F &#58; Elapsed-time value of the retransmit Release message"
NG
root@ucsc13:~/Desktop/tahi/DHCP/DHCPv6_Self_Test_P2_1_1_4/rfc3315 # ./C_RFC3315_18_1_7_TransDec.seq -pkt ./C_RFC3315_18_1_7_TransDec.def -log 60.html -ti "Part A &#58; Decline message format"
./C_RFC3315_ 18_1_7_TransDec.seq -pkt ./C_RFC3315_18_1_7_TransDec.def -log 60.html -ti "Part  A &#58; Decline message format"
NG
root@ucsc13:~/Desktop/tahi/DHCP/DHCPv6_Self_Test_P2_1_1_4/rfc3315 # ./C_RFC3315_18_1_7_TransDecErrDetect.seq -pkt ./C_RFC3315_18_1_7_TransDecErrDetect.def -log 61.html -ti "Part B &#58; Decline of received address"
./C_RFC3315_ 18_1_7_TransDecErrDetect.seq -pkt ./C_RFC3315_18_1_7_TransDecErrDetect.def -log  61.html -ti "Part B &#58; Decline of received address"
NG
root@ucsc13:~/Desktop/tahi/DHCP/DHCPv6_Self_Test_P2_1_1_4/rfc3315 # ./C_RFC3315_18_1_7_DecRetransRT.seq -pkt ./C_RFC3315_18_1_7_DecRetransRT.def -log 62.html -ti "Part C &#58; Retransmission of Decline message"
./C_RFC3315_ 18_1_7_DecRetransRT.seq -pkt ./C_RFC3315_18_1_7_DecRetransRT.def -log 62.html -t i "Part C &#58; Retransmission of Decline message"
NG
root@ucsc13:~/Desktop/tahi/DHCP/DHCPv6_Self_Test_P2_1_1_4/rfc3315 # ./C_RFC3315_18_1_7_RetransDec.seq -pkt ./C_RFC3315_18_1_7_RetransDec.def -log 63.html -ti "Part D &#58; Maximum Retransmission Count of Decline message, no reply message from Server"
./C_RFC3315_ 18_1_7_RetransDec.seq -pkt ./C_RFC3315_18_1_7_RetransDec.def -log 63.html -ti "P art D &#58; Maximum Retransmission Count of Decline message, no reply message fr om Server"
NG
root@ucsc13:~/Desktop/tahi/DHCP/DHCPv6_Self_Test_P2_1_1_4/rfc3315 # ./C_RFC3315_18_1_7_DecReplyFail.seq -pkt ./C_RFC3315_18_1_7_DecReplyFail.def -log 64.html -ti "Part E &#58; Retransmission and message exchange termination, Server responds with Reply message"
./C_RFC3315_ 18_1_7_DecReplyFail.seq -pkt ./C_RFC3315_18_1_7_DecReplyFail.def -log 64.html -t i "Part E &#58; Retransmission and message exchange termination, Server responds  with Reply message"
NG
root@ucsc13:~/Desktop/tahi/DHCP/DHCPv6_Self_Test_P2_1_1_4/rfc3315 # ./C_RFC3315_17_1_3_AdvWStatusCode.seq -pkt ./C_RFC3315_17_1_3_AdvWStatusCode.def -log 65.html -ti "Reception of Advertise messages"
./C_RFC3315_ 17_1_3_AdvWStatusCode.seq -pkt ./C_RFC3315_17_1_3_AdvWStatusCode.def -log 65.htm l -ti "Reception of Advertise messages"
NG
root@ucsc13:~/Desktop/tahi/DHCP/DHCPv6_Self_Test_P2_1_1_4/rfc3315 # ./C_RFC3315_18_1_8_RecvReplyUseT1T2.seq -pkt ./C_RFC3315_18_1_8_RecvReplyUseT1T2.def -log 66.html -ti "Part A &#58; T1 and T2 Times Recorded"
./C_RFC3315_ 18_1_8_RecvReplyUseT1T2.seq -pkt ./C_RFC3315_18_1_8_RecvReplyUseT1T2.def -log 66 .html -ti "Part A &#58; T1 and T2 Times Recorded"
NG
root@ucsc13:~/Desktop/tahi/DHCP/DHCPv6_Self_Test_P2_1_1_4/rfc3315 # ./C_RFC3315_18_1_8_RecvReplyUseNewAddr.seq -pkt ./C_RFC3315_18_1_8_RecvReplyUseNewAddr.def -log 67.html -ti "Part B &#58; New Address in IA option"
./C_RFC3315_ 18_1_8_RecvReplyUseNewAddr.seq -pkt ./C_RFC3315_18_1_8_RecvReplyUseNewAddr.def - log 67.html -ti "Part B &#58; New Address in IA option"
NG
root@ucsc13:~/Desktop/tahi/DHCP/DHCPv6_Self_Test_P2_1_1_4/rfc3315 # ./C_RFC3315_18_1_8_RecvReplyUpdatedAddr.seq -pkt ./C_RFC3315_18_1_8_RecvReplyUpdatedAddr.def -log 68.html -ti "Part C &#58; Update Lifetimes"
./C_RFC3315_ 18_1_8_RecvReplyUpdatedAddr.seq -pkt ./C_RFC3315_18_1_8_RecvReplyUpdatedAddr.def  -log 68.html -ti "Part C &#58; Update Lifetimes"
NG
root@ucsc13:~/Desktop/tahi/DHCP/DHCPv6_Self_Test_P2_1_1_4/rfc3315 # ./C_RFC3315_18_1_8_RecvReplyUpdatedZero.seq -pkt ./C_RFC3315_18_1_8_RecvReplyUpdatedZero.def -log 69.html -ti "Part D &#58; IA Address option - Valid Lifetime set to zero"
./C_RFC3315_ 18_1_8_RecvReplyUpdatedZero.seq -pkt ./C_RFC3315_18_1_8_RecvReplyUpdatedZero.def  -log 69.html -ti "Part D &#58; IA Address option - Valid Lifetime set to zero"
NG
root@ucsc13:~/Desktop/tahi/DHCP/DHCPv6_Self_Test_P2_1_1_4/rfc3315 # ./C_RFC3315_18_1_8_RecvReplyNewAddrZero.seq -pkt ./C_RFC3315_18_1_8_RecvReplyNewAddrZero.def -log 70.html -ti "Part E &#58; IA Address option not included in IA from Server"
./C_RFC3315_ 18_1_8_RecvReplyNewAddrZero.seq -pkt ./C_RFC3315_18_1_8_RecvReplyNewAddrZero.def  -log 70.html -ti "Part E &#58; IA Address option not included in IA from Server "
NG
root@ucsc13:~/Desktop/tahi/DHCP/DHCPv6_Self_Test_P2_1_1_4/rfc3315 # ./C_RFC3315_18_1_8_RecvReplyWStatusUnspecFail.seq -pkt ./C_RFC3315_18_1_8_RecvReplyWStatusUnspecFail.def -log 71.html -ti "Part A &#58; Reply message contain UnspecFail"
./C_RFC3315_ 18_1_8_RecvReplyWStatusUnspecFail.seq -pkt ./C_RFC3315_18_1_8_RecvReplyWStatusUn specFail.def -log 71.html -ti "Part A &#58; Reply message contain UnspecFail"
NG
root@ucsc13:~/Desktop/tahi/DHCP/DHCPv6_Self_Test_P2_1_1_4/rfc3315 # ./C_RFC3315_18_1_8_RecvReplyWStatusUseMulticast.seq -pkt ./C_RFC3315_18_1_8_RecvReplyWStatusUseMulticast.def -log 72.html -ti "Part B &#58; Reply message contain UseMulticast"
./C_RFC3315_ 18_1_8_RecvReplyWStatusUseMulticast.seq -pkt ./C_RFC3315_18_1_8_RecvReplyWStatus UseMulticast.def -log 72.html -ti "Part B &#58; Reply message contain UseMultica st"
NG
root@ucsc13:~/Desktop/tahi/DHCP/DHCPv6_Self_Test_P2_1_1_4/rfc3315 # ./C_RFC3315_18_1_8_ReqReplyWStatusNotOnLink.seq -pkt ./C_RFC3315_18_1_8_ReqReplyWStatusNotOnLink.def -log 73.html -ti "Part C &#58; Reply message contains NotOnLink in response to a Request message"
./C_RFC3315_ 18_1_8_ReqReplyWStatusNotOnLink.seq -pkt ./C_RFC3315_18_1_8_ReqReplyWStatusNotOn Link.def -log 73.html -ti "Part C &#58; Reply message contains NotOnLink in resp onse to a Request message"
OK
root@ucsc13:~/Desktop/tahi/DHCP/DHCPv6_Self_Test_P2_1_1_4/rfc3315 # ./C_RFC3315_18_1_8_CnfReplyWStatusNotOnLink.seq -pkt ./C_RFC3315_18_1_8_CnfReplyWStatusNotOnLink.def -log 74.html -ti "Part D &#58; Reply message contains NotOnLink in response to a Confirm message"
./C_RFC3315_ 18_1_8_CnfReplyWStatusNotOnLink.seq -pkt ./C_RFC3315_18_1_8_CnfReplyWStatusNotOn Link.def -log 74.html -ti "Part D &#58; Reply message contains NotOnLink in resp onse to a Confirm message"
NG
root@ucsc13:~/Desktop/tahi/DHCP/DHCPv6_Self_Test_P2_1_1_4/rfc3315 # ./C_RFC3315_18_1_8_CnfReplyWoStatusNotOnLink.seq -pkt ./C_RFC3315_18_1_8_CnfReplyWoStatusNotOnLink.def -log 75.html -ti "Part E &#58; Reply message in response to a Confirm message"
./C_RFC3315_ 18_1_8_CnfReplyWoStatusNotOnLink.seq -pkt ./C_RFC3315_18_1_8_CnfReplyWoStatusNot OnLink.def -log 75.html -ti "Part E &#58; Reply message in response to a Confirm  message"
NG
root@ucsc13:~/Desktop/tahi/DHCP/DHCPv6_Self_Test_P2_1_1_4/rfc3315 # ./C_RFC3315_18_1_8_RenReplyWIAStatusNoBinding.seq -pkt ./C_RFC3315_18_1_8_RenReplyWIAStatusNoBinding.def -log 76.html -ti "Part F &#58; Reply message contains NoBinding in response to a Renew message"
./C_RFC3315_ 18_1_8_RenReplyWIAStatusNoBinding.seq -pkt ./C_RFC3315_18_1_8_RenReplyWIAStatusN oBinding.def -log 76.html -ti "Part F &#58; Reply message contains NoBinding in  response to a Renew message"
NG
root@ucsc13:~/Desktop/tahi/DHCP/DHCPv6_Self_Test_P2_1_1_4/rfc3315 # ./C_RFC3315_18_1_8_RebReplyWIAStatusNoBinding.seq -pkt ./C_RFC3315_18_1_8_RebReplyWIAStatusNoBinding.def -log 77.html -ti "Part G &#58; Reply message contains NoBinding in response to a Rebind message"
./C_RFC3315_ 18_1_8_RebReplyWIAStatusNoBinding.seq -pkt ./C_RFC3315_18_1_8_RebReplyWIAStatusN oBinding.def -log 77.html -ti "Part G &#58; Reply message contains NoBinding in  response to a Rebind message"
NG
root@ucsc13:~/Desktop/tahi/DHCP/DHCPv6_Self_Test_P2_1_1_4/rfc3315 # ./C_RFC3315_18_1_8_RenReplyNotWantedIA.seq -pkt ./C_RFC3315_18_1_8_RenReplyNotWantedIA.def -log 78.html -ti "Part H &#58; Reply message contains no IA in response to a Renew message"
./C_RFC3315_ 18_1_8_RenReplyNotWantedIA.seq -pkt ./C_RFC3315_18_1_8_RenReplyNotWantedIA.def - log 78.html -ti "Part H &#58; Reply message contains no IA in response to a Rene w message"
NG
root@ucsc13:~/Desktop/tahi/DHCP/DHCPv6_Self_Test_P2_1_1_4/rfc3315 # ./C_RFC3315_18_1_8_RebReplyNotWantedIA.seq -pkt ./C_RFC3315_18_1_8_RebReplyNotWantedIA.def -log 79.html -ti "Part I &#58; Reply message contains no IA in response to a Rebind message"
./C_RFC3315_ 18_1_8_RebReplyNotWantedIA.seq -pkt ./C_RFC3315_18_1_8_RebReplyNotWantedIA.def - log 79.html -ti "Part I &#58; Reply message contains no IA in response to a Rebi nd message"
NG
root@ucsc13:~/Desktop/tahi/DHCP/DHCPv6_Self_Test_P2_1_1_4/rfc3315 # ./C_RFC3315_18_1_8_RelReply.seq -pkt ./C_RFC3315_18_1_8_RelReply.def -log 80.html -ti "Part J &#58; Reply message contains NoBinding in response to a Release message"
./C_RFC3315_ 18_1_8_RelReply.seq -pkt ./C_RFC3315_18_1_8_RelReply.def -log 80.html -ti "Part  J &#58; Reply message contains NoBinding in response to a Release message"
OK
root@ucsc13:~/Desktop/tahi/DHCP/DHCPv6_Self_Test_P2_1_1_4/rfc3315 # ./C_RFC3315_18_1_8_DecReply.seq -pkt ./C_RFC3315_18_1_8_DecReply.def -log 81.html -ti "Part K &#58; Reply message contains NoBinding in response to a Decline message"
./C_RFC3315_ 18_1_8_DecReply.seq -pkt ./C_RFC3315_18_1_8_DecReply.def -log 81.html -ti "Part  K &#58; Reply message contains NoBinding in response to a Decline message"
NG
root@ucsc13:~/Desktop/tahi/DHCP/DHCPv6_Self_Test_P2_1_1_4/rfc3315 # ./C_RFC3315_15_3_DiscInvalidAdvWoSrvIdOpt.seq -pkt ./C_RFC3315_15_3_DiscInvalidAdvWoSrvIdOpt.def -log 82.html -ti "Part A &#58; No Server Identifier option"
./C_RFC3315_ 15_3_DiscInvalidAdvWoSrvIdOpt.seq -pkt ./C_RFC3315_15_3_DiscInvalidAdvWoSrvIdOpt .def -log 82.html -ti "Part A &#58; No Server Identifier option"
OK
root@ucsc13:~/Desktop/tahi/DHCP/DHCPv6_Self_Test_P2_1_1_4/rfc3315 # ./C_RFC3315_15_3_DiscInvalidAdvWoCltIdOpt.seq -pkt ./C_RFC3315_15_3_DiscInvalidAdvWoCltIdOpt.def -log 83.html -ti "Part B &#58; No Client Identifier option"
./C_RFC3315_ 15_3_DiscInvalidAdvWoCltIdOpt.seq -pkt ./C_RFC3315_15_3_DiscInvalidAdvWoCltIdOpt .def -log 83.html -ti "Part B &#58; No Client Identifier option"
NG
root@ucsc13:~/Desktop/tahi/DHCP/DHCPv6_Self_Test_P2_1_1_4/rfc3315 # ./C_RFC3315_15_3_DiscInvalidAdvWErrCltIdOpt.seq -pkt ./C_RFC3315_15_3_DiscInvalidAdvWErrCltIdOpt.def -log 84.html -ti "Part C &#58; Client Identifier that does not match the DUID of the client"
./C_RFC3315_ 15_3_DiscInvalidAdvWErrCltIdOpt.seq -pkt ./C_RFC3315_15_3_DiscInvalidAdvWErrCltI dOpt.def -log 84.html -ti "Part C &#58; Client Identifier that does not match th e DUID of the client"
NG
root@ucsc13:~/Desktop/tahi/DHCP/DHCPv6_Self_Test_P2_1_1_4/rfc3315 # ./C_RFC3315_15_3_DiscInvalidAdvWErrTransid.seq -pkt ./C_RFC3315_15_3_DiscInvalidAdvWErrTransid.def -log 85.html -ti "Part D &#58; Transaction ID Mismatch"
./C_RFC3315_ 15_3_DiscInvalidAdvWErrTransid.seq -pkt ./C_RFC3315_15_3_DiscInvalidAdvWErrTrans id.def -log 85.html -ti "Part D &#58; Transaction ID Mismatch"
NG
root@ucsc13:~/Desktop/tahi/DHCP/DHCPv6_Self_Test_P2_1_1_4/rfc3315 # ./C_RFC3315_15_10_DiscInvalidReplyWoSrvIdOpt.seq -pkt ./C_RFC3315_15_10_DiscInvalidReplyWoSrvIdOpt.def -log 86.html -ti "Part A &#58; No Server Identifier option"
./C_RFC3315_ 15_10_DiscInvalidReplyWoSrvIdOpt.seq -pkt ./C_RFC3315_15_10_DiscInvalidReplyWoSr vIdOpt.def -log 86.html -ti "Part A &#58; No Server Identifier option"
NG
root@ucsc13:~/Desktop/tahi/DHCP/DHCPv6_Self_Test_P2_1_1_4/rfc3315 # ./C_RFC3315_15_10_DiscInvalidReplyWErrTransid.seq -pkt ./C_RFC3315_15_10_DiscInvalidReplyWErrTransid.def -log 87.html -ti "Part B &#58; Transaction ID Mismatch"
./C_RFC3315_ 15_10_DiscInvalidReplyWErrTransid.seq -pkt ./C_RFC3315_15_10_DiscInvalidReplyWEr rTransid.def -log 87.html -ti "Part B &#58; Transaction ID Mismatch"
NG
root@ucsc13:~/Desktop/tahi/DHCP/DHCPv6_Self_Test_P2_1_1_4/rfc3315 # ./C_RFC3315_22_4_IANAOptInvalidTime.seq -pkt ./C_RFC3315_22_4_IANAOptInvalidTime.def -log 88.html -ti "Part C &#58; Contains invalid IA_NA option T1>T2"
./C_RFC3315_ 22_4_IANAOptInvalidTime.seq -pkt ./C_RFC3315_22_4_IANAOptInvalidTime.def -log 88 .html -ti "Part C &#58; Contains invalid IA_NA option T1>T2"
NG
root@ucsc13:~/Desktop/tahi/DHCP/DHCPv6_Self_Test_P2_1_1_4/rfc3315 # ./C_RFC3315_22_6_DiscInvalidIAAddr.seq -pkt ./C_RFC3315_22_6_DiscInvalidIAAddr.def -log 89.html -ti "Part D &#58; Contains invalid IA Address (preferred lifetime > valid lifetime)"
./C_RFC3315_ 22_6_DiscInvalidIAAddr.seq -pkt ./C_RFC3315_22_6_DiscInvalidIAAddr.def -log 89.h tml -ti "Part D &#58; Contains invalid IA Address (preferred lifetime > valid li fetime)"
NG
root@ucsc13:~/Desktop/tahi/DHCP/DHCPv6_Self_Test_P2_1_1_4/rfc3315 # ./C_RFC3315_15_2_DiscSol.seq -pkt ./C_RFC3315_15_2_DiscSol.def -log 90.html -ti "Part A &#58; Solicit message (type1)"
./C_RFC3315_ 15_2_DiscSol.seq -pkt ./C_RFC3315_15_2_DiscSol.def -log 90.html -ti "Part A &#58 ; Solicit message (type1)"
NG
root@ucsc13:~/Desktop/tahi/DHCP/DHCPv6_Self_Test_P2_1_1_4/rfc3315 # ./C_RFC3315_15_4_DiscReq.seq -pkt ./C_RFC3315_15_4_DiscReq.def -log 91.html -ti "Part B &#58; Request message (type3)"
./C_RFC3315_ 15_4_DiscReq.seq -pkt ./C_RFC3315_15_4_DiscReq.def -log 91.html -ti "Part B &#58 ; Request message (type3)"
NG
root@ucsc13:~/Desktop/tahi/DHCP/DHCPv6_Self_Test_P2_1_1_4/rfc3315 # ./C_RFC3315_15_5_DiscCnf.seq -pkt ./C_RFC3315_15_5_DiscCnf.def -log 92.html -ti "Part C &#58; Confirm message (type 4)"
./C_RFC3315_ 15_5_DiscCnf.seq -pkt ./C_RFC3315_15_5_DiscCnf.def -log 92.html -ti "Part C &#58 ; Confirm message (type 4)"
NG
root@ucsc13:~/Desktop/tahi/DHCP/DHCPv6_Self_Test_P2_1_1_4/rfc3315 # ./C_RFC3315_15_6_DiscRen.seq -pkt ./C_RFC3315_15_6_DiscRen.def -log 93.html -ti "Part D &#58; Renew message (type 5)"
./C_RFC3315_ 15_6_DiscRen.seq -pkt ./C_RFC3315_15_6_DiscRen.def -log 93.html -ti "Part D &#58 ; Renew message (type 5)"
NG
root@ucsc13:~/Desktop/tahi/DHCP/DHCPv6_Self_Test_P2_1_1_4/rfc3315 # ./C_RFC3315_15_7_DiscReb.seq -pkt ./C_RFC3315_15_7_DiscReb.def -log 94.html -ti "Part E &#58; Rebind message (type 6)"
./C_RFC3315_ 15_7_DiscReb.seq -pkt ./C_RFC3315_15_7_DiscReb.def -log 94.html -ti "Part E &#58 ; Rebind message (type 6)"
NG
root@ucsc13:~/Desktop/tahi/DHCP/DHCPv6_Self_Test_P2_1_1_4/rfc3315 # ./C_RFC3315_15_8_DiscDec.seq -pkt ./C_RFC3315_15_8_DiscDec.def -log 95.html -ti "Part F &#58; Decline message (type 9)"
./C_RFC3315_ 15_8_DiscDec.seq -pkt ./C_RFC3315_15_8_DiscDec.def -log 95.html -ti "Part F &#58 ; Decline message (type 9)"
NG
root@ucsc13:~/Desktop/tahi/DHCP/DHCPv6_Self_Test_P2_1_1_4/rfc3315 # ./C_RFC3315_15_9_DiscRel.seq -pkt ./C_RFC3315_15_9_DiscRel.def -log 96.html -ti "Part G &#58; Release message (type 8)"
./C_RFC3315_ 15_9_DiscRel.seq -pkt ./C_RFC3315_15_9_DiscRel.def -log 96.html -ti "Part G &#58 ; Release message (type 8)"
NG: NUT returns unexpected message.
root@ucsc13:~/Desktop/tahi/DHCP/DHCPv6_Self_Test_P2_1_1_4/rfc3315 # ./C_RFC3315_15_13_DiscRelayForw.seq -pkt ./C_RFC3315_15_13_DiscRelayForw.def -log 97.html -ti "Part H &#58; Relay-forward message (type 12)"
./C_RFC3315_ 15_13_DiscRelayForw.seq -pkt ./C_RFC3315_15_13_DiscRelayForw.def -log 97.html -t i "Part H &#58; Relay-forward message (type 12)"
NG
root@ucsc13:~/Desktop/tahi/DHCP/DHCPv6_Self_Test_P2_1_1_4/rfc3315 # ./C_RFC3315_15_14_DiscRelayRepl.seq -pkt ./C_RFC3315_15_14_DiscRelayRepl.def -log 98.html -ti "Part I &#58; Relay-reply message (type 13)"
./C_RFC3315_ 15_14_DiscRelayRepl.seq -pkt ./C_RFC3315_15_14_DiscRelayRepl.def -log 98.html -t i "Part I &#58; Relay-reply message (type 13)"
NG
root@ucsc13:~/Desktop/tahi/DHCP/DHCPv6_Self_Test_P2_1_1_4/rfc3315 # ./C_RFC3315_15_11_DiscInfoReq.seq -pkt ./C_RFC3315_15_11_DiscInfoReq.def -log 99.html -ti "Part J &#58; Information-request message (type 11)"
./C_RFC3315_ 15_11_DiscInfoReq.seq -pkt ./C_RFC3315_15_11_DiscInfoReq.def -log 99.html -ti "P art J &#58; Information-request message (type 11)"
NG
